// Jest Snapshot v1, https://goo.gl/fbAQLP

exports[`Page renders 1`] = `
<DocumentFragment>
  <div
    class="mt-4 container"
  >
    <div
      class="card"
    >
      <div
        class="card-header"
      >
        <div
          class="card-title h5"
        />
      </div>
      <div
        class="card-body"
      />
    </div>
  </div>
</DocumentFragment>
`;

exports[`renders correctly 1`] = `
<DocumentFragment>
  <div
    class="mt-4 container"
  >
    <div
      class="card"
    >
      <div
        class="card-header"
      >
        <div
          class="card-title h5"
        />
      </div>
      <div
        class="card-body"
      />
    </div>
  </div>
</DocumentFragment>
`;
