// Jest Snapshot v1, https://goo.gl/fbAQLP

exports[`Card renders 1`] = `
<DocumentFragment>
  <div
    class="card"
  >
    <div
      class="card-header"
    >
      <div
        class="card-title h5"
      />
    </div>
    <div
      class="card-body"
    />
  </div>
</DocumentFragment>
`;

exports[`renders correctly 1`] = `
<DocumentFragment>
  <div
    class="card"
  >
    <div
      class="card-header"
    >
      <div
        class="card-title h5"
      />
    </div>
    <div
      class="card-body"
    />
  </div>
</DocumentFragment>
`;
