// Jest Snapshot v1, https://goo.gl/fbAQLP

exports[`NavBar renders 1`] = `
<DocumentFragment>
  <nav
    class="navbar navbar-expand-lg navbar-dark bg-dark"
  >
    <a
      class="navbar-brand"
      href="/"
    >
      Portal vacina COVID-19
    </a>
    <button
      aria-controls="basic-navbar-nav"
      aria-label="Toggle navigation"
      class="navbar-toggler collapsed"
      type="button"
    >
      <span
        class="navbar-toggler-icon"
      />
    </button>
    <div
      class="navbar-collapse collapse"
      id="basic-navbar-nav"
    >
      <div
        class="mr-auto navbar-nav"
      />
    </div>
  </nav>
</DocumentFragment>
`;
